============================================================
ITR ONLINE SYNC START
============================================================
ITR ONLINE SYNC START
!! CRASH:
\Users\mylap\OneDrive\Desktop\dashboard\sc_pull\itr_online_sync.py", line 321, in run_once
    return _run_once()
  File "C:\Users\mylap\OneDrive\Desktop\dashboard\sc_pull\itr_online_sync.py", line 330, in _run_once
    rows = pull_live()
  File "C:\Users\mylap\OneDrive\Desktop\dashboard\sc_pull\itr_online_sync.py", line 154, in pull_live
    ctx = pw.chromium.launch_persistent_context(
        PROFILE_DIR, channel="chrome", headless=False,
        args=["--start-maximized"], viewport=None,
    )
  File "C:\Python314\Lib\site-packages\playwright\sync_api\_generated.py", line 17120, in launch_persistent_context
    self._sync(
    ~~~~~~~~~~^
        self._impl_obj.launch_persistent_context(
        ^^^^^^^^^^^^^^^^^^^^^^^^^^^^^^^^^^^^^^^^^
    ...<51 lines>...
        )
        ^
    )
    ^
  File "C:\Python314\Lib\site-packages\playwright\_impl\_sync_base.py", line 115, in _sync
    return task.result()
           ~~~~~~~~~~~^^
  File "C:\Python314\Lib\site-packages\playwright\_impl\_browser_type.py", line 169, in launch_persistent_context
    result = await self._channel.send_return_as_dict(
             ^^^^^^^^^^^^^^^^^^^^^^^^^^^^^^^^^^^^^^^^
        "launchPersistentContext", TimeoutSettings.launch_timeout, params
        ^^^^^^^^^^^^^^^^^^^^^^^^^^^^^^^^^^^^^^^^^^^^^^^^^^^^^^^^^^^^^^^^^
    )
    ^
  File "C:\Python314\Lib\site-packages\playwright\_impl\_connection.py", line 103, in send_return_as_dict
    return await self._connection.wrap_api_call(
           ^^^^^^^^^^^^^^^^^^^^^^^^^^^^^^^^^^^^^
    ...<3 lines>...
    )
    ^
  File "C:\Python314\Lib\site-packages\playwright\_impl\_connection.py", line 632, in wrap_api_call
    raise rewrite_error(error, f"{parsed_st['apiName']}: {error}") from None
playwright._impl._errors.Error: BrowserType.launch_persistent_context: Opening in existing browser session. This usually means that the profile is already in use by another instance of Chromium.
Call log:
  - <launching> C:\Program Files (x86)\Google\Chrome\Application\chrome.exe --disable-field-trial-config --disable-background-networking --disable-background-timer-throttling --disable-backgrounding-occluded-windows --disable-back-forward-cache --disable-breakpad --disable-client-side-phishing-detection --disable-component-extensions-with-background-pages --disable-component-update --no-default-browser-check --disable-default-apps --disable-dev-shm-usage --disable-edgeupdater --disable-extensions --disable-features=AvoidUnnecessaryBeforeUnloadCheckSync,DestroyProfileOnBrowserClose,DialMediaRouteProvider,GlobalMediaControls,HttpsUpgrades,LensOverlay,MediaRouter,PaintHolding,ThirdPartyStoragePartitioning,BlockOriginHeaderModificationOnRedirect,Translate,AutoDeElevate,OptimizationHints,msForceBrowserSignIn,msEdgeUpdateLaunchServicesPreferredVersion --enable-features=CDPScreenshotNewSurface --allow-pre-commit-input --disable-hang-monitor --disable-ipc-flooding-protection --disable-popup-blocking --disable-prompt-on-repost --disable-renderer-backgrounding --disable-updater-scheduler --force-color-profile=srgb --metrics-recording-only --no-first-run --password-store=basic --use-mock-keychain --no-service-autorun --export-tagged-pdf --disable-search-engine-choice-screen --unsafely-disable-devtools-self-xss-warnings --edge-skip-compat-layer-relaunch --disable-infobars --disable-search-engine-choice-screen --disable-sync --enable-unsafe-swiftshader --no-sandbox --start-maximized --user-data-dir=C:\Users\mylap\OneDrive\Desktop\dashboard\sc_pull\profile --remote-debugging-pipe about:blank
  - <launched> pid=4572
  - [pid=4572][out] Opening in existing browser session.
  - [pid=4572] <gracefully close start>
  - [pid=4572] <kill>
  - [pid=4572] <will force kill>
  - [pid=4572] taskkill stderr: ERROR: The process "4572" not found.
  - [pid=4572] <process did exit: exitCode=0, signal=null>
  - [pid=4572] starting temporary directories cleanup
  - [pid=4572] finished temporary directories cleanup
  - [pid=4572] <gracefully close end>


